// Jest Snapshot v1, https://goo.gl/fbAQLP

exports[`IconButton Default render 1`] = `
<div>
  <button
    class="css-1phao6i"
    type="button"
  >
    <svg
      class="css-d1qd63"
      viewBox="0 0 25 25"
    >
      <path
        d="M12.5 0C5.6 0 0 5.6 0 12.5C0 19.4 5.6 25 12.5 25C19.4 25 25 19.4 25 12.5C25 5.6 19.4 0 12.5 0ZM12.5 22.5C6.9875 22.5 2.5 18.0125 2.5 12.5C2.5 6.9875 6.9875 2.5 12.5 2.5C18.0125 2.5 22.5 6.9875 22.5 12.5C22.5 18.0125 18.0125 22.5 12.5 22.5ZM18.2375 6.975L10 15.2125L6.7625 11.9875L5 13.75L10 18.75L20 8.75L18.2375 6.975Z"
      />
    </svg>
  </button>
</div>
`;
